3.0 5.0 17.0 25.0
12.56636
1.0
2.0
16.0
1.0
2.0
parse error
divide by zero
parse error
0.0 divide by zero
2.0
2.0
3.0
6.0
3.0
2.0 1.0 6.0 2.0 2.0 36.0
1 1 0 0 1 1
1 1 1 0
0 0
1.0 4.0
